[21-Nov-2025 00:45:41 Asia/Jakarta] BATAL ERROR: Pesanan tidak dapat dibatalkan karena status: 
